3
1 5.769230769230769
2 8.76923076923077
3 3.769230769230769
