5
1 2.980769230769231
2 5.980769230769231
3 4.980769230769231
4 5.980769230769231
5 7.980769230769231
