5
1 2.980769231
2 5.980769231
3 4.980769231
4 5.980769231
5 7.980769231